
============================================================
  PASSENGER STATISTICS
============================================================
  Total passengers : 52
  Served           : 52 (100.0%)

  Wait Time   (pickup - request):
    Min     :      0 ticks
    Max     :    137 ticks
    Average :     20.79 ticks
    Median  :     11.50 ticks
    P90     :     29.00 ticks
    P95     :    129.25 ticks
    Std Dev :     33.26 ticks

  Travel Time (dropoff - pickup):
    Min     :     11 ticks
    Max     :     74 ticks
    Average :     37.02 ticks
    Median  :     36.00 ticks
    P90     :     61.70 ticks
    P95     :     65.35 ticks
    Std Dev :     16.66 ticks

  Total Time  (dropoff - request):
    Min     :     11 ticks
    Max     :    184 ticks
    Average :     57.81 ticks
    Median  :     49.50 ticks
    P90     :     82.70 ticks
    P95     :    159.30 ticks
    Std Dev :     37.57 ticks

  Wait Time Distribution:
    0-5 ticks    :  15 passengers (28.8%)  ###############
    6-20 ticks   :  24 passengers (46.2%)  ########################
    21-50 ticks  :   9 passengers (17.3%)  #########
    51+ ticks    :   4 passengers (7.7%)  ####

  Passengers with zero wait               :   6 (11.5%)
  Passengers with wait > 20 ticks (long wait) :  13 (25.0%)

  Per-Elevator Breakdown:
  ------------------------------------------------------------
  Elevator       Served     Avg Wait
  ------------------------------------------------------------
  E0                 14  10.86 ticks
  E1                 21  39.10 ticks
  E2                 10   5.20 ticks
  E3                  7   8.00 ticks
  ------------------------------------------------------------
============================================================
